$ pwd
/home/ccuser/workspace/artusi
$ ls -a
.  ..  drawing  painting  sculpting
$ ls -alt
total 0
drwxr-xr-x 5 ccuser ccuser 54 Mar 22 11:32 .
drwxrwxr-x 1 ccuser ccuser 20 Mar 22 11:32 ..
drwxr-xr-x 4 ccuser ccuser 37 Mar  5  2016 drawing
drwxr-xr-x 4 ccuser ccuser 34 Mar  5  2016 painting
drwxr-xr-x 3 ccuser ccuser 18 Mar  5  2016 sculpting
$ cd drawing/pencils/ 
$ pwd
/home/ccuser/workspace/artusi/drawing/pencils
$ ld
ld: no input files
$ ls
color.txt  graphite.txt
$ cat color.txt

A colored pencil, coloured pencil (see spelling differences) or pencil crayon is an art medium constructed of a narrow, pigmented core encased in a wooden cylindrical case.

Source: Wikipedia$ 
$ cat graphite.txt
Graphite pencils are used for both writing and drawing and result in durable markings: though writing is easily removable with an eraser, it is otherwise resistant to moisture, most chemicals, ultraviolet radiation, and natural aging.


Source: Wikipedia$ 
$ cp color.txt  graphite.txt
$ cat graphite.txt

A colored pencil, coloured pencil (see spelling differences) or pencil crayon is an art medium constructed of a narrow, pigmented core encased in a wooden cylindrical case.

Source: Wikipedia$ 
$ ls
color.txt  graphite.txt
$ cd ../charcoal
$ pwd
/home/ccuser/workspace/artusi/drawing/charcoal
$ ls
compressed.txt  vine.txt
$ cp compressed.txt  vine.txt
$ cp vine.txt ../pencils/color.txt
$ cd ../../painting/
$ pwd
/home/ccuser/workspace/artusi/painting
$ ls -alt
total 0
drwxr-xr-x 2 ccuser ccuser 69 Mar 22 11:32 brushes
drwxr-xr-x 5 ccuser ccuser 54 Mar 22 11:32 ..
drwxr-xr-x 4 ccuser ccuser 34 Mar  5  2016 .
drwxr-xr-x 4 ccuser ccuser 40 Mar  5  2016 paint
$ cd brushes
$ ls -alt
total 16
drwxr-xr-x 2 ccuser ccuser  69 Mar 22 11:32 .
-rw-r--r-- 1 ccuser ccuser  59 Mar 22 11:32 fan.txt
-rw-r--r-- 1 ccuser ccuser 133 Mar 22 11:32 flat.txt
-rw-r--r-- 1 ccuser ccuser 199 Mar 22 11:32 mop.txt
-rw-r--r-- 1 ccuser ccuser  75 Mar 22 11:32 round.txt
drwxr-xr-x 4 ccuser ccuser  34 Mar  5  2016 ..
$ cp f* paint/ ../paint/
cp: cannot stat 'paint/': No such file or directory
$ cp f* ../paint/
$ ls
fan.txt  flat.txt  mop.txt  round.txt
$ cd ../../sculpting/
$ ls -alt
total 0
drwxr-xr-x 5 ccuser ccuser 54 Mar 22 11:32 ..
drwxr-xr-x 3 ccuser ccuser 18 Mar  5  2016 .
drwxr-xr-x 5 ccuser ccuser 49 Mar  5  2016 clay
$ cd clay/polymer/
$ ls
airdry.txt
$ cp airdry.txt ../ceramic/
$ cd ../ceramic
$ ls -alt
total 0
drwxr-xr-x 2 ccuser ccuser 68 Mar 22 11:47 .
-rw-r--r-- 1 ccuser ccuser  0 Mar 22 11:47 airdry.txt
-rw-r--r-- 1 ccuser ccuser  0 Mar 22 11:32 earthenware.txt
-rw-r--r-- 1 ccuser ccuser  0 Mar 22 11:32 stoneware.txt
drwxr-xr-x 5 ccuser ccuser 49 Mar  5  2016 ..
$ rm earthenware.txt
$ cd ..
$ pwd
/home/ccuser/workspace/artusi/sculpting/clay
$ ls
ceramic  dough  polymer
$ rm -r dough
$ cd ../../
$ pwd
/home/ccuser/workspace/artusi
$ 
