$ pwd
/home/ccuser/workspace/athletica
$ ls -al
total 56
drwxr-xr-x 2 ccuser ccuser  259 Apr 12 15:38 .
drwxrwxr-x 1 ccuser ccuser   23 Apr 12 15:38 ..
-rw-r--r-- 1 ccuser ccuser  102 Apr 12 15:38 badminton.txt
-rw-r--r-- 1 ccuser ccuser   97 Apr 12 15:38 basketball.txt
-rw-r--r-- 1 ccuser ccuser  161 Apr 12 15:38 cricket.txt
-rw-r--r-- 1 ccuser ccuser 6148 Mar  5  2016 .DS_Store
-rw-r--r-- 1 ccuser ccuser  304 Apr 12 15:38 equipment.txt
-rw-r--r-- 1 ccuser ccuser  117 Apr 12 15:38 football.txt
-rw-r--r-- 1 ccuser ccuser  393 Apr 12 15:38 games.txt
-rw-r--r-- 1 ccuser ccuser  130 Apr 12 15:38 gymnastics.txt
-rw-r--r-- 1 ccuser ccuser  163 Apr 12 15:38 hockey.txt
-rw-r--r-- 1 ccuser ccuser  159 Apr 12 15:38 lacrosse.txt
-rw-r--r-- 1 ccuser ccuser  605 Apr 12 15:38 roster.txt
-rw-r--r-- 1 ccuser ccuser   69 Apr 12 15:38 swimming.txt
-rw-r--r-- 1 ccuser ccuser  160 Apr 12 15:38 tennis.txt
$ cat basketball.txt
Basketball is a sport played by two teams of five players on a rectangular court. Src: Wikipedia
$ cat hockey.txt
Hockey is a family of sports in which two teams play against each other by trying to maneuver a ball into the opponent's goal using a hockey stick. Src: Wikipedia
$ cat basketball.txt > hockey.txt
$ cat hockey.txt
Basketball is a sport played by two teams of five players on a rectangular court. Src: Wikipedia
$ cat hockey.txt
Basketball is a sport played by two teams of five players on a rectangular court. Src: Wikipedia
$ cat lacrosse.txt 
Lacrosse is a contact team sport played between two teams using a small rubber ball and a long-handled stick called a crosse or lacrosse stick. Src: Wikipedia
$ cat  lacrosse.txt  > tennis.txt 
$ cat tennis.txt 
Lacrosse is a contact team sport played between two teams using a small rubber ball and a long-handled stick called a crosse or lacrosse stick. Src: Wikipedia
$ cat < gymnastics.txt
Gymnastics is a sport involving the performance of exercises requiring strength, flexibility, balance and control. Src: Wikipedia
$ cat lacrosse.txt | wc
      1      27     159
$ cat equipment.txt 
baseball
shuttlecock
shuttlecock
helmet
football
cleats
cleats
cleats
tennis ball
baseball bat
lacrosse stick
hockey stick
hockey stick
hockey stick
tennis racket
cricket bat
cricket bat
cricket bat
goggles
googles
swimming cap
lacrosse ball
hockey puck
sneakers
sneakers
skates
skates
skates
shinguards
$ sort equipment.txt
baseball
baseball bat
cleats
cleats
cleats
cricket bat
cricket bat
cricket bat
football
goggles
googles
helmet
hockey puck
hockey stick
hockey stick
hockey stick
lacrosse ball
lacrosse stick
shinguards
shuttlecock
shuttlecock
skates
skates
skates
sneakers
sneakers
swimming cap
tennis ball
tennis racket
$ uniq equipment.txt
baseball
shuttlecock
helmet
football
cleats
tennis ball
baseball bat
lacrosse stick
hockey stick
tennis racket
cricket bat
goggles
googles
swimming cap
lacrosse ball
hockey puck
sneakers
skates
shinguards
$ grep Japan rester.txt
grep: rester.txt: No such file or directory
$ grep Japan roster.txt
Yuki Hayashi, Swimming: Japan
Misako Sato, Gymnastics: Japan
Takumi Fujiwara, Basketball: Japan
Toshi Ogawa, Badminton: Japan
$ pwd
/home/ccuser/workspace/athletica
$ grep player /home/ccuser/workspace/athletica
grep: /home/ccuser/workspace/athletica: Is a directory
$ grep -R player .
./basketball.txt:Basketball is a sport played by two teams of five players on a rectangular court. Src: Wikipedia
./cricket.txt:Cricket is a bat-and-ball game played between two teams of 11 players each on a field at the centre of which is a rectangular 22-yard-long pitch. Src: Wikipedia
./hockey.txt:Basketball is a sport played by two teams of five players on a rectangular court. Src: Wikipedia
$ cat games.txt
Australia vs United Kingdom
Australia: loss

United States vs South Africa
United States: loss

Mexico vs Colombia
Colombia: loss

Brazil vs Argentina
Brazil: loss

Kenya vs Ghana
Kenya: loss

Jordan vs Morocco
Morocco: loss

Malaysia vs Singapore
Singapore: loss

India vs China
India: loss

Pakistan vs Uzbekistan
Uzbekistan: loss

Greece vs Turkey
Greece: loss

France vs Spain
France: loss$ 
$ cat games.txt | sed 's/loss/win/g' games.txt
Australia vs United Kingdom
Australia: win

United States vs South Africa
United States: win

Mexico vs Colombia
Colombia: win

Brazil vs Argentina
Brazil: win

Kenya vs Ghana
Kenya: win

Jordan vs Morocco
Morocco: win

Malaysia vs Singapore
Singapore: win

India vs China
India: win

Pakistan vs Uzbekistan
Uzbekistan: win

Greece vs Turkey
Greece: win

France vs Spain
France: win$ 
